
[RHBK sizing operator should deploy import realm - 1]
{
 "special-chars-realm-realm.json": "{\n  \"realm\": \"special-chars-realm\",\n  \"displayName\": \"P@ssw0rd!@#$%^\\u0026*()\\\"\",\n  \"enabled\": true\n}\n"
}
---
